---
source: crates/stackable-versioned/src/flux_converter/tests/mod.rs
expression: formatted
input_file: crates/stackable-versioned/fixtures/inputs/pass/persons_to_v3.json
---
{
  "uid": "c4e55572-ee1f-4e94-9097-28936985d45f",
  "result": {
    "status": "Success"
  },
  "convertedObjects": [
    {
      "firstName": "",
      "gender": "Unknown",
      "lastName": "",
      "username": "sbernauer"
    },
    {
      "firstName": "Sebastian",
      "gender": "Unknown",
      "lastName": "Bernauer",
      "username": "sbernauer"
    },
    {
      "firstName": "Sebastian",
      "gender": "Unknown",
      "lastName": "Bernauer",
      "username": "sbernauer"
    },
    {
      "firstName": "Sebastian",
      "gender": "Male",
      "lastName": "Bernauer",
      "username": "sbernauer"
    },
    {
      "firstName": "Sebastian",
      "gender": "Male",
      "lastName": "Bernauer",
      "username": "sbernauer"
    }
  ]
}
