---
source: crates/stackable-versioned/src/flux_converter/tests/mod.rs
expression: formatted
input_file: crates/stackable-versioned/fixtures/inputs/fail/unkown_current_version.json
---
{
  "uid": "c4e55572-ee1f-4e94-9097-28936985d45f",
  "result": {
    "status": "Failure",
    "code": 500,
    "message": "failed to parse current resource version \"v99\": the resource version \"v99\" is not known",
    "reason": "failed to parse current resource version \"v99\": the resource version \"v99\" is not known"
  },
  "convertedObjects": []
}
